 ======================================================================


             Welcome to the fascinating world of MOLGW


 ======================================================================

 Today is 13/12/2014
 It is now 15:56
 And it is perfect time to work
 Compilation options

 WARNING: LIBXC version  2. 2

 WARNING: calculation name: HF+TDA

 Summary of the input parameters 

       Calculation type:   HF+TDA                                                                                              
                  Natom:   5
              Electrons:  18.0000
                 Charge:   0.0000
          Magnetization:   0.0000
              Basis set:   aug-cc-pVDZ                                                                                         
    Auxiliary basis set:   none                                                                                                
          Gaussian type:   pure
      Spin polarization:   1
              SCF steps:  30
                 Mixing:   0.5000
    Quadrature accuracy:   high                                                                                                

        IO options:
        - matrices details:     F
        - basis set details:    F
        - ERI file:             F
        - ignore big RESTART:   F
        - plot some wfns:       F
        - dump spectral functs  F

 ================================
       atom list
                        bohr                                        angstrom
  Si     0.000000     0.000000     0.000000           0.000000     0.000000     0.000000
  H      1.617861     1.617861     1.617861           0.856135     0.856135     0.856135
  H     -1.617861    -1.617861     1.617861          -0.856135    -0.856135     0.856135
  H     -1.617861     1.617861    -1.617861          -0.856135     0.856135    -0.856135
  H      1.617861    -1.617861    -1.617861           0.856135    -0.856135    -0.856135
 ================================


 Element used for Z value:    Si
 Element used for the basis:  Si
 Basis type: aug-cc-pVDZ

 WARNING: basis file used: Si_aug-cc-pVDZ

 open the basis set file Si_aug-cc-pVDZ

 Element used for Z value:    H
 Element used for the basis:  H
 Basis type: aug-cc-pVDZ

 WARNING: basis file used: H_aug-cc-pVDZ

 open the basis set file H_aug-cc-pVDZ

 Element used for Z value:    H
 Element used for the basis:  H
 Basis type: aug-cc-pVDZ

 WARNING: basis file used: H_aug-cc-pVDZ

 open the basis set file H_aug-cc-pVDZ

 Element used for Z value:    H
 Element used for the basis:  H
 Basis type: aug-cc-pVDZ

 WARNING: basis file used: H_aug-cc-pVDZ

 open the basis set file H_aug-cc-pVDZ

 Element used for Z value:    H
 Element used for the basis:  H
 Basis type: aug-cc-pVDZ

 WARNING: basis file used: H_aug-cc-pVDZ

 open the basis set file H_aug-cc-pVDZ

                  Total number of basis functions:      63
                  Total number of cart. functions:      65
                                 Number of shells:      31
        Maximum angular momentum in the basis set:       2
                                                         d
 Basis set is ready and fit

 Setting up the cartesian to pure transforms
 Transformations set up completed

 Setup overlap matrix S

 Cauchy-Schwartz screening of the 4-center integrals
 Libint library initialized
 Max angular momentum handled by your Libint compilation:     7


 Non negligible shellpairs to be computed     496  over a total of     496

 Number of integrals to be stored:     2033136
 Max index size  2147483647
 Allocate 4-center integrals
 Memory [Mb]:    15.512
 success

 Calculate and store all the Electron Repulsion Integrals (ERI)
 Libint library initialized
 Max angular momentum handled by your Libint compilation:     7

 All ERI have been calculated


 Refining the negligible basis function pairs
 Non negligible basis function pairs stored in memory      2016
 Non negligible basis function pairs used in calculation   2016

 === Occupations ===
   1      2.00000
   2      2.00000
   3      2.00000
   4      2.00000
   5      2.00000
   6      2.00000
   7      2.00000
   8      2.00000
   9      2.00000
  10      0.00000
  11      0.00000
  12      0.00000
  13      0.00000
  14      0.00000
  15      0.00000
  16      0.00000
  17      0.00000
  18      0.00000
  19      0.00000
  20      0.00000
  21      0.00000
  22      0.00000
  23      0.00000
  24      0.00000
  25      0.00000
  26      0.00000
  27      0.00000
  28      0.00000
  29      0.00000
  30      0.00000
  31      0.00000
  32      0.00000
  33      0.00000
  34      0.00000
  35      0.00000
  36      0.00000
  37      0.00000
  38      0.00000
  39      0.00000
  40      0.00000
  41      0.00000
  42      0.00000
  43      0.00000
  44      0.00000
  45      0.00000
  46      0.00000
  47      0.00000
  48      0.00000
  49      0.00000
  50      0.00000
  51      0.00000
  52      0.00000
  53      0.00000
  54      0.00000
  55      0.00000
  56      0.00000
  57      0.00000
  58      0.00000
  59      0.00000
  60      0.00000
  61      0.00000
  62      0.00000
  63      0.00000

 Setup kinetic part of the Hamiltonian
 Setup nucleus-electron part of the Hamiltonian

 WARNING: Restart from a big RESTART file

 Calculating the polarizability for neutral excitation energies

 WARNING: Tamm-Dancoff approximation is switched on

 Spectral function destroyed

 diago 2-particle hamiltonian
 matrix         972 x         972
 diago finished


 Lowest neutral excitation energy [eV]    9.82488479

 Calculate the optical spectrum

 Neutral excitation energies [eV] and strengths
   1     1919.68861240          0.00000000
   2     1893.75263785          0.00000000
   3     1920.96891597          0.00000000
   4     1920.96891597          0.00000000
   5     1923.18520146          0.00332081
   6     1923.18520146          0.00332081
   7     1923.18520146          0.00332081
   8     1917.07980621          0.00008077
   9     1917.07980621          0.00008077
  10     1917.07980621          0.00008077
  11     1911.55213976          0.00000000
  12     1911.55213976          0.00000000
  13     1911.55213976          0.00000000
  14     1866.20382874          0.00000000
  15     1900.12040188          0.00000001
  16     1900.12040188          0.00000001
  17     1900.12040188          0.00000001
  18     1882.17697354          0.00000000
  19     1870.28604751          0.00000000
  20     1872.73445093          0.00000000
  21     1881.71698352          0.00000000
  22     1885.59620066          0.00000000
  23     1885.59620066          0.00000000
  24     1886.51457791          0.00492148
  25     1886.51457791          0.00492148
  26     1886.51457791          0.00492148
  27     1865.87541586          0.00592058
  28     1865.87541586          0.00592058
  29     1865.87541586          0.00592058
  30     1869.87630635          0.00000000
  31     1869.87630635          0.00000000
  32     1869.14630219          0.00112189
  33     1869.14630219          0.00112189
  34     1869.14630219          0.00112189
  35     1871.14433857          0.00007984
  36     1871.14433857          0.00007984
  37     1871.14433857          0.00007984
  38     1881.59248548          0.00011626
  39     1881.59248548          0.00011626
  40     1881.59248548          0.00011626
  41     1873.73405861          0.00383971
  42     1877.51429879          0.00000000
  43     1877.51429879          0.00000000
  44     1879.88162539          0.00139469
  45     1879.88162539          0.00139469
  46     1879.88162539          0.00139469
  47     1873.73405861          0.00383971
  48     1873.73405861          0.00383971
  49     1875.90486587          0.00000002
  50     1875.90486587          0.00000002
  51     1875.90486587          0.00000002
  52     1877.33833599          0.00000000
  53     1877.33833599          0.00000000
  54     1877.33833599          0.00000000
  55      215.21191108          0.00000000
  56      188.93182477          0.00000000
  57      177.98376155          0.00000000
  58      176.94100408          0.00000000
  59      212.27077818          0.00026209
  60      212.27077818          0.00026209
  61      216.14912210          0.00000000
  62      216.14912210          0.00000000
  63      218.83557871          0.01112093
  64      218.83557871          0.01112093
  65      218.83557871          0.01112093
  66      206.72842052          0.00000000
  67      206.72842052          0.00000000
  68      206.72842052          0.00000000
  69      195.30099419          0.00000535
  70      195.30099419          0.00000535
  71      195.30099419          0.00000535
  72      212.27077818          0.00026209
  73      182.50025299          0.02017674
  74      182.50025299          0.02017674
  75      182.50025299          0.02017674
  76      180.82782389          0.00000000
  77      180.82782389          0.00000000
  78      133.74253071          0.00000000
  79      176.77564879          0.00030349
  80      176.77564879          0.00030349
  81      176.77564879          0.00030349
  82      143.66763194          0.00000000
  83      172.74535946          0.00000000
  84      172.74535946          0.00000000
  85      175.30854953          0.00574120
  86      175.30854953          0.00574120
  87      175.30854953          0.00574120
  88      168.57036908          0.00000000
  89      172.50511134          0.00000000
  90      172.50511134          0.00000000
  91      137.37535150          0.00000002
  92      137.37535150          0.00000002
  93      137.37535150          0.00000002
  94      167.95137022          0.00000000
  95      172.50511134          0.00000000
  96      165.75551914          0.00000000
  97      143.78832595          0.00000000
  98      143.78832595          0.00000000
  99      171.07163097          0.00001198
 100      171.07163097          0.00001198
 101      171.07163097          0.00001198
 102      143.71524205          0.00876029
 103      162.42255827          0.00000000
 104      143.71524205          0.00876029
 105      143.71524205          0.00876029
 106      143.78396852          0.00000000
 107      143.78396852          0.00000000
 108      143.78396852          0.00000000
 109      169.46424800          0.01241557
 110      169.46424800          0.01241557
 111      169.46424800          0.01241557
 112      160.75736452          0.00000000
 113      155.25464403          0.00000000
 114      165.03580334          0.00000000
 115      155.13200127          0.00000000
 116      155.13200127          0.00000000
 117      167.23698495          0.00000000
 118      167.23698495          0.00000000
 119      166.31929471          0.00021835
 120      166.31929471          0.00021835
 121      166.31929471          0.00021835
 122      165.03580334          0.00000000
 123      160.68430101          0.00000000
 124      167.26816369          0.00000000
 125      167.26816369          0.00000000
 126      155.11681009          0.00000259
 127      164.46549766          0.00576106
 128      164.46549766          0.00576106
 129      161.78391547          0.01068700
 130      161.78391547          0.01068700
 131      155.11681009          0.00000259
 132      155.11681009          0.00000259
 133      155.20371022          0.00000000
 134      155.20371022          0.00000000
 135      155.20371022          0.00000000
 136      167.26816369          0.00000000
 137      167.17132976          0.00008576
 138      167.17132976          0.00008576
 139      161.78391547          0.01068700
 140      163.50905311          0.00277782
 141      163.50905311          0.00277782
 142      167.17132976          0.00008576
 143      163.50905311          0.00277782
 144      160.68430101          0.00000000
 145      160.70473964          0.00735155
 146      160.70473964          0.00735155
 147      164.59690756          0.00122039
 148      164.59690756          0.00122039
 149      164.59690756          0.00122039
 150      164.60701233          0.00000000
 151      164.60701233          0.00000000
 152      164.60701233          0.00000000
 153      160.69666061          0.00000000
 154      160.69666061          0.00000000
 155      160.69666061          0.00000000
 156      160.70473964          0.00735155
 157       71.20350593          0.00000000
 158       70.52168819          0.00000000
 159       74.64901781          0.00041279
 160       74.64901781          0.00041279
 161       74.64901781          0.00041279
 162      164.46549766          0.00576106
 163      130.85910896          0.00000000
 164      130.85910896          0.00000000
 165      124.29281417          0.00000000
 166      130.82868317          0.04497922
 167      130.82868317          0.04497922
 168      130.82183914          0.00000000
 169      130.82183914          0.00000000
 170      130.82183914          0.00000000
 171      129.29522943          0.00000000
 172      129.29522943          0.00000000
 173      129.26146204          0.02926844
 174      129.26146204          0.02926844
 175      129.26146204          0.02926844
 176      125.29563760          0.00000000
 177      130.82868317          0.04497922
 178      129.29522943          0.00000000
 179      126.10657117          0.01303904
 180      126.10657117          0.01303904
 181      126.10657117          0.01303904
 182      123.76280421          0.00000000
 183      123.76280421          0.00000000
 184      123.70974332          0.03527169
 185      123.70974332          0.03527169
 186      125.23037241          0.00000000
 187      125.23037241          0.00000000
 188      125.37474074          0.00132812
 189      125.37474074          0.00132812
 190      125.37474074          0.00132812
 191      123.71651420          0.00000000
 192      123.71651420          0.00000000
 193      123.71651420          0.00000000
 194      125.22726273          0.00167206
 195      125.22726273          0.00167206
 196      125.22726273          0.00167206
 197      123.70974332          0.03527169
 198      125.23231931          0.00000000
 199      125.23231931          0.00000000
 200      125.23231931          0.00000000
 201       61.18542197          0.00000000
 202       64.44214970          0.00000000
 203       55.64637035          0.00000000
 204       70.52168819          0.00000000
 205       59.64911909          0.00000000
 206       59.64911909          0.00000000
 207       68.93860415          0.00000000
 208       68.93860415          0.00000000
 209       68.94343809          0.00000000
 210       67.07629568          0.00199821
 211       67.07629568          0.00199821
 212       67.07629568          0.00199821
 213       68.94343809          0.00000000
 214       68.94343809          0.00000000
 215       67.40045878          0.00056907
 216       67.40045878          0.00056907
 217       67.40045878          0.00056907
 218      111.11080012          0.00000000
 219      119.30282555          0.00000000
 220      119.51320749          0.00000000
 221      120.99325028          0.00000000
 222      120.94351609          0.00000000
 223      120.94351609          0.00000000
 224      121.15390476          0.02501716
 225      121.15390476          0.02501716
 226      121.15390476          0.02501716
 227      121.20521333          0.00000000
 228      121.20521333          0.00000000
 229      121.20521333          0.00000000
 230      120.94011480          0.00002843
 231      120.94011480          0.00002843
 232      120.94011480          0.00002843
 233      120.97448300          0.00000000
 234      120.97448300          0.00000000
 235      120.97448300          0.00000000
 236       40.71487770          0.00000000
 237       43.68490733          0.00000000
 238       49.72085765          0.00500392
 239       49.72085765          0.00500392
 240       49.72085765          0.00500392
 241      113.37080242          0.00000000
 242       53.02631019          0.00000000
 243       53.02631019          0.00000000
 244       63.73309307          0.01588234
 245       63.73309307          0.01588234
 246       58.23998541          0.00000000
 247       58.23998541          0.00000000
 248       58.23998541          0.00000000
 249       54.15840525          0.00000000
 250       54.15840525          0.00000000
 251       54.15840525          0.00000000
 252       62.59227711          0.00208110
 253       62.59227711          0.00208110
 254       62.59227711          0.00208110
 255       64.42089923          0.00000000
 256       64.42089923          0.00000000
 257       64.42089923          0.00000000
 258       60.37698576          0.02904166
 259       60.37698576          0.02904166
 260       53.09673026          0.21452629
 261       53.09673026          0.21452629
 262       53.09673026          0.21452629
 263       60.37698576          0.02904166
 264       10.95106216          0.00000000
 265       11.40176966          0.00000000
 266       10.22452230          0.00000000
 267       10.22452230          0.00000000
 268        9.82488479          0.22653783
 269        9.82488479          0.22653783
 270        9.82488479          0.22653783
 271       33.62296382          0.00000000
 272      110.12616156          0.00000000
 273       43.84399778          0.00000000
 274       43.84399778          0.00000000
 275       39.17337807          0.02736509
 276       39.17337807          0.02736509
 277       39.17337807          0.02736509
 278       43.88750497          0.00000000
 279       43.88750497          0.00000000
 280       43.88750497          0.00000000
 281      117.80886693          0.00000000
 282      117.80886693          0.00000000
 283       42.27094084          0.00558074
 284       42.27094084          0.00558074
 285       42.27094084          0.00558074
 286      119.51133493          0.00000000
 287      119.51133493          0.00000000
 288      117.83864317          0.00000000
 289      117.83864317          0.00000000
 290       61.84850592          0.00000000
 291       61.84850592          0.00000000
 292       61.84850592          0.00000000
 293      119.53360399          0.00086337
 294      119.53360399          0.00086337
 295      119.53360399          0.00086337
 296      119.53211578          0.00000000
 297      119.53211578          0.00000000
 298      119.53211578          0.00000000
 299      117.83864317          0.00000000
 300        9.91944987          0.00000000
 301        9.91944987          0.00000000
 302        9.91944987          0.00000000
 303       35.70314549          0.00000000
 304       35.70314549          0.00000000
 305       63.73309307          0.01588234
 306       36.16319333          0.00800756
 307       36.16319333          0.00800756
 308       36.16319333          0.00800756
 309      114.79572866          0.00000000
 310      110.12616156          0.00000000
 311      110.14282338          0.00000000
 312      110.43513465          0.02020322
 313      110.43513465          0.02020322
 314      110.06312785          0.02250662
 315      110.06312785          0.02250662
 316      116.37754660          0.00082569
 317      116.37754660          0.00082569
 318      116.37754660          0.00082569
 319      117.79566400          0.00082319
 320      117.79566400          0.00082319
 321      117.79566400          0.00082319
 322      110.43513465          0.02020322
 323      110.06312785          0.02250662
 324       13.41052819          0.00000000
 325       33.05228947          0.00000000
 326      110.14282338          0.00000000
 327       30.80977961          0.00000000
 328       33.02987180          0.00000000
 329       33.02987180          0.00000000
 330      114.78950675          0.00000000
 331      114.78950675          0.00000000
 332       11.24285473          0.40945126
 333       11.24285473          0.40945126
 334       11.24285473          0.40945126
 335       11.59208952          0.00000000
 336       11.59208952          0.00000000
 337       32.27065808          0.00215576
 338       32.27065808          0.00215576
 339       11.38996301          0.01146408
 340       11.38996301          0.01146408
 341       11.38996301          0.01146408
 342       12.51306920          0.00000000
 343       12.51306920          0.00000000
 344       12.51306920          0.00000000
 345      112.90279320         -0.00000000
 346      112.90279320          0.00000000
 347       32.27065808          0.00215576
 348       27.42627065          0.00000000
 349       27.42627065          0.00000000
 350       13.92179583          0.99948723
 351       13.92179583          0.99948723
 352       13.92179583          0.99948723
 353       13.07279591          0.00000000
 354       13.07279591          0.00000000
 355       33.10184512          0.00000000
 356       33.10184512          0.00000000
 357       11.54008188          0.00000000
 358       11.54008188          0.00000000
 359       15.32612709          0.11289065
 360       15.32612709          0.11289065
 361       15.32612709          0.11289065
 362       30.78864468          0.00380777
 363       30.78864468          0.00380777
 364       30.78864468          0.00380777
 365       33.10184512          0.00000000
 366       11.54008188          0.00000000
 367      110.14282338          0.00000000
 368       12.85590412          0.14529855
 369       12.85590412          0.14529855
 370       12.85590412          0.14529855
 371      114.78127257          0.00000000
 372      114.78127257          0.00000000
 373      114.78127257          0.00000000
 374      114.77246842          0.00350998
 375      114.77246842          0.00350998
 376      114.77246842          0.00350998
 377      112.91857555          0.00000000
 378      112.91857555          0.00000000
 379      112.89823450          0.00081177
 380      114.06373868          0.00624376
 381      114.06373868          0.00624376
 382      114.06373868          0.00624376
 383      113.48384964          0.01426410
 384      113.48384964          0.01426410
 385      113.48384964          0.01426410
 386      113.55307933          0.00000000
 387      113.55307933          0.00000000
 388      113.55307933          0.00000000
 389      112.91857555          0.00000000
 390      112.89823450          0.00081177
 391      112.89823450          0.00081177
 392       21.61646509          0.00000000
 393       17.10299694          0.00000000
 394       13.11282839          0.27459227
 395       13.11282839          0.27459227
 396       13.11282839          0.27459227
 397       13.08118959          0.00000000
 398       13.08118959          0.00000000
 399       13.08118959          0.00000000
 400       20.17258596          0.00000000
 401       24.78819333          0.00000000
 402       18.48260193          0.00000000
 403       17.92301129          0.00000000
 404       23.75678872          0.00000000
 405       20.01787153          0.00000000
 406       30.29735635          0.02479499
 407       30.29735635          0.02479499
 408       30.29735635          0.02479499
 409       29.06913170          0.00000000
 410       29.06913170          0.00000000
 411       29.06913170          0.00000000
 412       29.16444373          0.01962914
 413       29.16444373          0.01962914
 414       29.16444373          0.01962914
 415       26.49289220          0.02440178
 416       26.49289220          0.02440178
 417       26.49289220          0.02440178
 418       26.19827821          0.00000000
 419       26.19827821          0.00000000
 420       26.19827821          0.00000000
 421       24.73597308          0.01971504
 422       24.73597308          0.01971504
 423       24.73597308          0.01971504
 424       24.59356233          0.01726346
 425       24.59356233          0.01726346
 426       24.59356233          0.01726346
 427       21.11864832          0.22003288
 428       21.11864832          0.22003288
 429       21.11864832          0.22003288
 430       24.42968703          0.03637026
 431       24.42968703          0.03637026
 432       20.66545878          0.00000000
 433       20.66545878          0.00000000
 434       20.66545878          0.00000000
 435       17.05735379          0.03500300
 436       19.90049941          0.00000000
 437       24.42968703          0.03637026
 438       19.90049941          0.00000000
 439       23.07549503          0.00000000
 440       23.07549503          0.00000000
 441       17.05735379          0.03500300
 442       17.05735379          0.03500300
 443       18.72158851          0.00000000
 444       18.72158851          0.00000000
 445       23.07549503          0.00000000
 446       17.73793467          0.00000000
 447       17.73793467          0.00000000
 448       17.62580428          0.00000000
 449       17.62580428          0.00000000
 450       24.11488465          0.04025337
 451       24.11488465          0.04025337
 452       24.11488465          0.04025337
 453       19.47326003          0.00000000
 454       19.47326003          0.00000000
 455       23.91404235          0.00000000
 456       23.91404235          0.00000000
 457       19.87744142          0.02796066
 458       19.87744142          0.02796066
 459       19.87744142          0.02796066
 460       18.39166199          0.12892125
 461       18.39166199          0.12892125
 462       19.47326003          0.00000000
 463       18.39166199          0.12892125
 464       23.39341980          0.00000000
 465       23.39341980          0.00000000
 466       17.54755212          0.01496117
 467       17.54755212          0.01496117
 468       17.54755212          0.01496117
 469       19.03629927          0.12727839
 470       19.03629927          0.12727839
 471       19.03629927          0.12727839
 472       18.14659869          0.02123135
 473       18.14659869          0.02123135
 474       17.96724077          0.00000000
 475       17.96724077          0.00000000
 476       17.96724077          0.00000000
 477       23.92642322          0.00000000
 478       23.92642322          0.00000000
 479       23.92642322          0.00000000
 480       18.14659869          0.02123135
 481       23.39227860          0.02255005
 482       23.39227860          0.02255005
 483       23.39227860          0.02255005
 484       17.58295702          0.00000000
 485       17.58295702          0.00000000
 486       17.58295702          0.00000000

 TRK SUM RULE: the two following numbers should compare well
 Sum over oscillator strengths   10.814625146321337     
 Number of valence electrons     18.000000000000000     

 Static dipole polarizability
       35.047275        0.000000        0.000000
        0.000000       35.047275        0.000000
        0.000000        0.000000       35.047275

 Spectral function destroyed

                 --- Timings in (s) and # of calls ---

                    Total time         26.69

                 ----------------------

                 Total pre SCF         14.51
                     Total SCF          0.00
                Total post SCF         12.18

                 ----------------------

            4-center integrals         14.15         1

          RESTART file writing          0.00         0

                       Hartree          0.00         0
                      Exchange          0.00         0
                        DFT xc          0.00         0

                 Single Excit.          0.00         0

        Total chi polarization         12.17         1
           ERI basis transform          8.72        63
            Build 2 particle H          8.75         1
            Diago 2 particle H          2.94         1
           Invert 2 particle S          0.36         1
                       Build W          0.00         0

                GW self-energy          0.00         0

                    MP2 energy          0.00         0
               MP2 self-energy          0.00         0
                 ----------------------

 SUMMARY of all the WARNINGS issued during the run:

 1.     LIBXC version  2. 2                                                                                 
 2.     calculation name: HF+TDA                                                                            
 3.     basis file used: Si_aug-cc-pVDZ                                                                     
 4.     basis file used: H_aug-cc-pVDZ                                                                      
 5.     Restart from a big RESTART file                                                                     
 6.     Tamm-Dancoff approximation is switched on                                                           



 This is the end

